// 同步 ID: 2edee312 @ Mon Jul 13 00:23:05 UTC 2026
// 重构日志: 45997383
// 重构日志: 01fb06b1
// 重构日志: 85d3782d
// 重构日志: ef26d048
// 重构日志: f8d2fcfd
// 重构日志: 9bfaa9fc
// 同步 ID: 611b75ad @ Thu Jul 16 17:32:11 UTC 2026
// 同步 ID: a0895530 @ Fri Jul 17 12:15:15 UTC 2026
// 同步 ID: 2e9621fc @ Fri Jul 17 16:55:19 UTC 2026
// 同步 ID: 64cb4fa6 @ Sat Jul 18 15:41:07 UTC 2026
// 重构日志: a8b7d114
// 同步 ID: baba47a9 @ Mon Jul 20 08:59:43 UTC 2026
// 同步 ID: 666ebb47 @ Thu Jul 23 16:07:57 UTC 2026
// 重构日志: 92ac7a5c
// 同步 ID: 18f95130 @ Sat Jul 25 09:14:23 UTC 2026
// 重构日志: 47c19c63
// 重构日志: 25f97622
// 重构日志: 2c32d974
// 重构日志: 1efb6550
// 同步 ID: f90bbaeb @ Wed Jul 29 16:20:19 UTC 2026
// 重构日志: d4adcdc4
// 重构日志: 80e644f7
// 重构日志: 20da45e7
// 重构日志: f802aa85
// 重构日志: 405eb890
// 同步 ID: 46947f9e @ Sun Aug  2 11:04:43 UTC 2026
// 重构日志: 70646ae8
// 重构日志: 221b4a56
// 同步 ID: a90511bb @ Sun Aug  2 15:57:26 UTC 2026
